[backblue.gif]
[fade.gif]
[index.html]
[www.unikexploral.com/js/jquery-2.1.4.min.js]
[www.unikexploral.com/js/jquery2.0.3.min.js]
[www.unikexploral.com/js/jquery.countdown.min.js]
[www.unikexploral.com/js/app.js]
[translate.yandex.net/website-widget/v1/widget80d6.js]
[www.unikexploral.com/js/jquery.flexslider.js]
[www.unikexploral.com/images/3.jpg]
[www.unikexploral.com/js/bootstrap.js]
[www.unikexploral.com/index.html]
[www.unikexploral.com/fonts/glyphicons-halflings-regular.woff2]
[www.unikexploral.com/fonts/glyphicons-halflings-regular.woff]
[www.unikexploral.com/css/bootstrap.css]
[www.unikexploral.com/images/banner.jpg]
[www.unikexploral.com/images/banner-1.jpg]
[www.unikexploral.com/css/style.css]
[www.unikexploral.com/css/flexslider.css]
[www.unikexploral.com/fonts/fontawesome-webfont3e6e.eot]
[www.unikexploral.com/fonts/fontawesome-webfontd41d.eot]
[www.unikexploral.com/fonts/fontawesome-webfont3e6e.woff2]
[www.unikexploral.com/fonts/fontawesome-webfont3e6e.woff]
[www.unikexploral.com/fonts/fontawesome-webfont3e6e.ttf]
[www.unikexploral.com/css/font-awesome.css]
[www.unikexploral.com/home.html]
[www.unikexploral.com/js/waypoints.min.js]
[www.unikexploral.com/js/counterup.min.js]
[www.unikexploral.com/about.html]
[www.unikexploral.com/js/jquery-1.11.1.min.js]
[www.unikexploral.com/js/easyResponsiveTabs.js]
[www.unikexploral.com/account.html]
[www.unikexploral.com/contact.html]
[www.unikexploral.com/fonts/glyphicons-halflings-regular.html]
[www.unikexploral.com/fonts/glyphicons-halflings-regulard41d.html]
[www.unikexploral.com/fonts/glyphicons-halflings-regular-2.html]
[www.unikexploral.com/fonts/glyphicons-halflings-regular-3.html]
[www.unikexploral.com/images/right-1.html]
[www.unikexploral.com/images/close.html]
[www.unikexploral.com/images/left.html]
[www.unikexploral.com/images/right.html]
[www.unikexploral.com/fonts/fontawesome-webfont3e6e.svg]
[www.unikexploral.com/images/2.html]
[www.unikexploral.com/css/style-login.css]
[www.unikexploral.com/js/Chart.html]
[www.unikexploral.com/images/tick.html]
[www.unikexploral.com/images/i1.html]
[www.unikexploral.com/images/i2.html]
[www.unikexploral.com/images/i4.html]
[www.unikexploral.com/images/1.html]
